// Jest Snapshot v1, https://goo.gl/fbAQLP

exports[`Render ListCards Components Should ListCards Component 1`] = `
<div
  className="catalog__movies-list"
/>
`;
