// Jest Snapshot v1, https://goo.gl/fbAQLP

exports[`Renders Genre List component Render component Genre List 1`] = `[Function]`;
