// Jest Snapshot v1, https://goo.gl/fbAQLP

exports[`Render VideoPlayer Component Redner VideoPlayer 1`] = `
<video
  autoPlay={true}
  className="player__video"
/>
`;
