// Jest Snapshot v1, https://goo.gl/fbAQLP

exports[`Renders Genre Item component Render component Genre Item 1`] = `[Function]`;
